[2026-05-15 22:31:09,307] INFO - Connecting to MySQL database
[2026-05-15 22:31:09,312] INFO - Connection successful
[2026-05-15 22:31:09,785] INFO - Data fetched successfully: (45000, 14)
[2026-05-15 22:31:09,951] INFO - Training pipeline started
[2026-05-15 22:31:09,951] INFO - Starting data ingestion
[2026-05-15 22:31:09,952] INFO - Connecting to MySQL database
[2026-05-15 22:31:09,975] INFO - Connection successful
[2026-05-15 22:31:10,347] INFO - Data fetched successfully: (45000, 14)
[2026-05-15 22:31:10,349] INFO - Data shape before processing: (45000, 14)
[2026-05-15 22:31:10,349] INFO - Dropped columns: ['person_education', 'person_gender']
[2026-05-15 22:31:10,353] INFO - Total missing values before dropna: 0
[2026-05-15 22:31:10,367] INFO - Total missing values after dropna: 0
[2026-05-15 22:31:10,367] INFO - Data shape after cleaning: (44992, 12)
[2026-05-15 22:31:10,499] INFO - Train-test split completed
[2026-05-15 22:31:10,614] INFO - Data ingestion completed successfully
[2026-05-15 22:31:10,629] INFO - Starting data transformation
[2026-05-15 22:31:10,683] INFO - Train and test data loaded
[2026-05-15 22:31:10,684] INFO - Categorical columns: ['person_home_ownership', 'loan_intent', 'previous_loan_defaults_on_file']
[2026-05-15 22:31:10,684] INFO - Creating preprocessing object (OneHotEncoder)
[2026-05-15 22:31:10,702] INFO - Data transformation completed
[2026-05-15 22:31:10,702] INFO - Preprocessor saved at artifacts\preprocessor.pkl
[2026-05-15 22:31:10,703] INFO - Starting model training
[2026-05-15 22:31:11,261] INFO - ROC-AUC: 0.9757106015145021
[2026-05-15 22:31:11,277] INFO - Model saved at artifacts\model.pkl
[2026-05-15 22:31:11,278] INFO - Training pipeline completed. Model saved at artifacts\model.pkl
