[2026-05-15 22:16:18,663] INFO - Connecting to MySQL database
[2026-05-15 22:16:18,668] INFO - Connection successful
[2026-05-15 22:16:19,107] INFO - Data fetched successfully: (45000, 14)
[2026-05-15 22:16:19,122] INFO - Starting data ingestion
[2026-05-15 22:16:19,122] INFO - Connecting to MySQL database
[2026-05-15 22:16:19,123] INFO - Connection successful
[2026-05-15 22:16:19,461] INFO - Data fetched successfully: (45000, 14)
[2026-05-15 22:16:19,463] INFO - Data shape before processing: (45000, 14)
[2026-05-15 22:16:19,463] INFO - Dropped columns: ['person_education', 'person_gender']
[2026-05-15 22:16:19,475] INFO - Total missing values before dropna: 0
[2026-05-15 22:16:19,480] INFO - Total missing values after dropna: 0
[2026-05-15 22:16:19,480] INFO - Data shape after cleaning: (45000, 12)
[2026-05-15 22:16:19,611] INFO - Train-test split completed
[2026-05-15 22:16:19,752] INFO - Data ingestion completed successfully
[2026-05-15 22:16:19,779] INFO - Starting data transformation
[2026-05-15 22:16:19,849] INFO - Train and test data loaded
[2026-05-15 22:16:19,851] INFO - Categorical columns: ['person_home_ownership', 'loan_intent', 'previous_loan_defaults_on_file']
[2026-05-15 22:16:19,851] INFO - Creating preprocessing object (OneHotEncoder)
[2026-05-15 22:16:19,867] INFO - Data transformation completed
[2026-05-15 22:16:19,868] INFO - Preprocessor saved at artifacts\preprocessor.pkl
